Flutter crash report.
Please report a bug at https://github.com/flutter/flutter/issues.

## command

flutter run --machine --start-paused -d chrome --devtools-server-address http://127.0.0.1:9100/ --target /Users/sooyoung/Documents/GitHub/flutter_web/lib/main.dart

## exception

HttpException: HttpException: Connection closed before full header was received, uri = http://localhost:50402/json

```
```

## flutter doctor

```
[!] Flutter (Channel stable, 3.24.0, on macOS 14.5 23F79 darwin-arm64, locale ko-KR)
    • Flutter version 3.24.0 on channel stable at /Applications/flutter/flutter
    ! The flutter binary is not on your path. Consider adding /Applications/flutter/flutter/bin to your path.
    ! The dart binary is not on your path. Consider adding /Applications/flutter/flutter/bin to your path.
    • Upstream repository https://github.com/flutter/flutter.git
    • Framework revision 80c2e84975 (3 months ago), 2024-07-30 23:06:49 +0700
    • Engine revision b8800d88be
    • Dart version 3.5.0
    • DevTools version 2.37.2
    • If those were intentional, you can disregard the above warnings; however it is recommended to use "git" directly to perform update checks and upgrades.

[✓] Android toolchain - develop for Android devices (Android SDK version 34.0.0)
    • Android SDK at /Users/sooyoung/Library/Android/sdk
    • Platform android-34, build-tools 34.0.0
    • Java binary at: /Applications/Android Studio.app/Contents/jbr/Contents/Home/bin/java
    • Java version OpenJDK Runtime Environment (build 17.0.6+0-17.0.6b829.9-10027231)
    • All Android licenses accepted.

[!] Xcode - develop for iOS and macOS
    ✗ Xcode installation is incomplete; a full installation is necessary for iOS and macOS development.
      Download at: https://developer.apple.com/xcode/
      Or install Xcode via the App Store.
      Once installed, run:
        sudo xcode-select --switch /Applications/Xcode.app/Contents/Developer
        sudo xcodebuild -runFirstLaunch
    • CocoaPods version 1.15.0

[✓] Chrome - develop for the web
    • Chrome at /Applications/Google Chrome.app/Contents/MacOS/Google Chrome

[✓] Android Studio (version 2022.3)
    • Android Studio at /Applications/Android Studio.app/Contents
    • Flutter plugin can be installed from:
      🔨 https://plugins.jetbrains.com/plugin/9212-flutter
    • Dart plugin can be installed from:
      🔨 https://plugins.jetbrains.com/plugin/6351-dart
    • Java version OpenJDK Runtime Environment (build 17.0.6+0-17.0.6b829.9-10027231)

[✓] VS Code (version 1.81.1)
    • VS Code at /Applications/Visual Studio Code.app/Contents
    • Flutter extension version 3.98.0

[✓] Connected device (2 available)
    • macOS (desktop) • macos  • darwin-arm64   • macOS 14.5 23F79 darwin-arm64
    • Chrome (web)    • chrome • web-javascript • Google Chrome 130.0.6723.93

[✓] Network resources
    • All expected network resources are available.

! Doctor found issues in 2 categories.
```
